scp -i /home/root/.ssh/id_rsa -o StrictHostKeyChecking=no -o UserKnownHostsFile=/dev/null -o BatchMode=yes -o PasswordAuthentication=no -p 22 /home/root/source user@127.0.0.1:/home/root/target