ssh -o StrictHostKeyChecking=no -o UserKnownHostsFile=/dev/null -o BatchMode=yes -o PasswordAuthentication=no -p 123 user@example.com 'bash -se' << \EOF-KK-SSH
whoami
EOF-KK-SSH