scp -o StrictHostKeyChecking=no -o UserKnownHostsFile=/dev/null -o BatchMode=yes -o PasswordAuthentication=no source user@127.0.0.1:target