ssh -o StrictHostKeyChecking=no -o UserKnownHostsFile=/dev/null -o PasswordAuthentication=no user@127.0.0.1 'bash -se' << \EOF-KK-SSH
whoami
EOF-KK-SSH